// Jest Snapshot v1, https://goo.gl/fbAQLP

exports[`src/components/SkeletonMovies should render SkeletonMovies correctly 1`] = `
<div>
  <div
    class="skeletonMovies"
  >
    <div
      class="skeletonMovie"
    >
      <div
        class="shimmerWrapper"
      >
        <div
          class="shimmer"
        />
      </div>
    </div>
    <div
      class="skeletonMovie"
    >
      <div
        class="shimmerWrapper"
      >
        <div
          class="shimmer"
        />
      </div>
    </div>
    <div
      class="skeletonMovie"
    >
      <div
        class="shimmerWrapper"
      >
        <div
          class="shimmer"
        />
      </div>
    </div>
    <div
      class="skeletonMovie"
    >
      <div
        class="shimmerWrapper"
      >
        <div
          class="shimmer"
        />
      </div>
    </div>
    <div
      class="skeletonMovie"
    >
      <div
        class="shimmerWrapper"
      >
        <div
          class="shimmer"
        />
      </div>
    </div>
    <div
      class="skeletonMovie"
    >
      <div
        class="shimmerWrapper"
      >
        <div
          class="shimmer"
        />
      </div>
    </div>
    <div
      class="skeletonMovie"
    >
      <div
        class="shimmerWrapper"
      >
        <div
          class="shimmer"
        />
      </div>
    </div>
    <div
      class="skeletonMovie"
    >
      <div
        class="shimmerWrapper"
      >
        <div
          class="shimmer"
        />
      </div>
    </div>
    <div
      class="skeletonMovie"
    >
      <div
        class="shimmerWrapper"
      >
        <div
          class="shimmer"
        />
      </div>
    </div>
    <div
      class="skeletonMovie"
    >
      <div
        class="shimmerWrapper"
      >
        <div
          class="shimmer"
        />
      </div>
    </div>
    <div
      class="skeletonMovie"
    >
      <div
        class="shimmerWrapper"
      >
        <div
          class="shimmer"
        />
      </div>
    </div>
    <div
      class="skeletonMovie"
    >
      <div
        class="shimmerWrapper"
      >
        <div
          class="shimmer"
        />
      </div>
    </div>
    <div
      class="skeletonMovie"
    >
      <div
        class="shimmerWrapper"
      >
        <div
          class="shimmer"
        />
      </div>
    </div>
    <div
      class="skeletonMovie"
    >
      <div
        class="shimmerWrapper"
      >
        <div
          class="shimmer"
        />
      </div>
    </div>
    <div
      class="skeletonMovie"
    >
      <div
        class="shimmerWrapper"
      >
        <div
          class="shimmer"
        />
      </div>
    </div>
    <div
      class="skeletonMovie"
    >
      <div
        class="shimmerWrapper"
      >
        <div
          class="shimmer"
        />
      </div>
    </div>
    <div
      class="skeletonMovie"
    >
      <div
        class="shimmerWrapper"
      >
        <div
          class="shimmer"
        />
      </div>
    </div>
    <div
      class="skeletonMovie"
    >
      <div
        class="shimmerWrapper"
      >
        <div
          class="shimmer"
        />
      </div>
    </div>
    <div
      class="skeletonMovie"
    >
      <div
        class="shimmerWrapper"
      >
        <div
          class="shimmer"
        />
      </div>
    </div>
    <div
      class="skeletonMovie"
    >
      <div
        class="shimmerWrapper"
      >
        <div
          class="shimmer"
        />
      </div>
    </div>
    <div
      class="skeletonMovie"
    >
      <div
        class="shimmerWrapper"
      >
        <div
          class="shimmer"
        />
      </div>
    </div>
    <div
      class="skeletonMovie"
    >
      <div
        class="shimmerWrapper"
      >
        <div
          class="shimmer"
        />
      </div>
    </div>
    <div
      class="skeletonMovie"
    >
      <div
        class="shimmerWrapper"
      >
        <div
          class="shimmer"
        />
      </div>
    </div>
    <div
      class="skeletonMovie"
    >
      <div
        class="shimmerWrapper"
      >
        <div
          class="shimmer"
        />
      </div>
    </div>
    <div
      class="skeletonMovie"
    >
      <div
        class="shimmerWrapper"
      >
        <div
          class="shimmer"
        />
      </div>
    </div>
    <div
      class="skeletonMovie"
    >
      <div
        class="shimmerWrapper"
      >
        <div
          class="shimmer"
        />
      </div>
    </div>
    <div
      class="skeletonMovie"
    >
      <div
        class="shimmerWrapper"
      >
        <div
          class="shimmer"
        />
      </div>
    </div>
    <div
      class="skeletonMovie"
    >
      <div
        class="shimmerWrapper"
      >
        <div
          class="shimmer"
        />
      </div>
    </div>
    <div
      class="skeletonMovie"
    >
      <div
        class="shimmerWrapper"
      >
        <div
          class="shimmer"
        />
      </div>
    </div>
    <div
      class="skeletonMovie"
    >
      <div
        class="shimmerWrapper"
      >
        <div
          class="shimmer"
        />
      </div>
    </div>
    <div
      class="skeletonMovie"
    >
      <div
        class="shimmerWrapper"
      >
        <div
          class="shimmer"
        />
      </div>
    </div>
    <div
      class="skeletonMovie"
    >
      <div
        class="shimmerWrapper"
      >
        <div
          class="shimmer"
        />
      </div>
    </div>
    <div
      class="skeletonMovie"
    >
      <div
        class="shimmerWrapper"
      >
        <div
          class="shimmer"
        />
      </div>
    </div>
    <div
      class="skeletonMovie"
    >
      <div
        class="shimmerWrapper"
      >
        <div
          class="shimmer"
        />
      </div>
    </div>
    <div
      class="skeletonMovie"
    >
      <div
        class="shimmerWrapper"
      >
        <div
          class="shimmer"
        />
      </div>
    </div>
    <div
      class="skeletonMovie"
    >
      <div
        class="shimmerWrapper"
      >
        <div
          class="shimmer"
        />
      </div>
    </div>
    <div
      class="skeletonMovie"
    >
      <div
        class="shimmerWrapper"
      >
        <div
          class="shimmer"
        />
      </div>
    </div>
    <div
      class="skeletonMovie"
    >
      <div
        class="shimmerWrapper"
      >
        <div
          class="shimmer"
        />
      </div>
    </div>
    <div
      class="skeletonMovie"
    >
      <div
        class="shimmerWrapper"
      >
        <div
          class="shimmer"
        />
      </div>
    </div>
    <div
      class="skeletonMovie"
    >
      <div
        class="shimmerWrapper"
      >
        <div
          class="shimmer"
        />
      </div>
    </div>
    <div
      class="skeletonMovie"
    >
      <div
        class="shimmerWrapper"
      >
        <div
          class="shimmer"
        />
      </div>
    </div>
    <div
      class="skeletonMovie"
    >
      <div
        class="shimmerWrapper"
      >
        <div
          class="shimmer"
        />
      </div>
    </div>
    <div
      class="skeletonMovie"
    >
      <div
        class="shimmerWrapper"
      >
        <div
          class="shimmer"
        />
      </div>
    </div>
    <div
      class="skeletonMovie"
    >
      <div
        class="shimmerWrapper"
      >
        <div
          class="shimmer"
        />
      </div>
    </div>
    <div
      class="skeletonMovie"
    >
      <div
        class="shimmerWrapper"
      >
        <div
          class="shimmer"
        />
      </div>
    </div>
    <div
      class="skeletonMovie"
    >
      <div
        class="shimmerWrapper"
      >
        <div
          class="shimmer"
        />
      </div>
    </div>
    <div
      class="skeletonMovie"
    >
      <div
        class="shimmerWrapper"
      >
        <div
          class="shimmer"
        />
      </div>
    </div>
    <div
      class="skeletonMovie"
    >
      <div
        class="shimmerWrapper"
      >
        <div
          class="shimmer"
        />
      </div>
    </div>
    <div
      class="skeletonMovie"
    >
      <div
        class="shimmerWrapper"
      >
        <div
          class="shimmer"
        />
      </div>
    </div>
    <div
      class="skeletonMovie"
    >
      <div
        class="shimmerWrapper"
      >
        <div
          class="shimmer"
        />
      </div>
    </div>
    <div
      class="skeletonMovie"
    >
      <div
        class="shimmerWrapper"
      >
        <div
          class="shimmer"
        />
      </div>
    </div>
    <div
      class="skeletonMovie"
    >
      <div
        class="shimmerWrapper"
      >
        <div
          class="shimmer"
        />
      </div>
    </div>
    <div
      class="skeletonMovie"
    >
      <div
        class="shimmerWrapper"
      >
        <div
          class="shimmer"
        />
      </div>
    </div>
    <div
      class="skeletonMovie"
    >
      <div
        class="shimmerWrapper"
      >
        <div
          class="shimmer"
        />
      </div>
    </div>
    <div
      class="skeletonMovie"
    >
      <div
        class="shimmerWrapper"
      >
        <div
          class="shimmer"
        />
      </div>
    </div>
    <div
      class="skeletonMovie"
    >
      <div
        class="shimmerWrapper"
      >
        <div
          class="shimmer"
        />
      </div>
    </div>
    <div
      class="skeletonMovie"
    >
      <div
        class="shimmerWrapper"
      >
        <div
          class="shimmer"
        />
      </div>
    </div>
    <div
      class="skeletonMovie"
    >
      <div
        class="shimmerWrapper"
      >
        <div
          class="shimmer"
        />
      </div>
    </div>
    <div
      class="skeletonMovie"
    >
      <div
        class="shimmerWrapper"
      >
        <div
          class="shimmer"
        />
      </div>
    </div>
    <div
      class="skeletonMovie"
    >
      <div
        class="shimmerWrapper"
      >
        <div
          class="shimmer"
        />
      </div>
    </div>
    <div
      class="skeletonMovie"
    >
      <div
        class="shimmerWrapper"
      >
        <div
          class="shimmer"
        />
      </div>
    </div>
    <div
      class="skeletonMovie"
    >
      <div
        class="shimmerWrapper"
      >
        <div
          class="shimmer"
        />
      </div>
    </div>
    <div
      class="skeletonMovie"
    >
      <div
        class="shimmerWrapper"
      >
        <div
          class="shimmer"
        />
      </div>
    </div>
    <div
      class="skeletonMovie"
    >
      <div
        class="shimmerWrapper"
      >
        <div
          class="shimmer"
        />
      </div>
    </div>
    <div
      class="skeletonMovie"
    >
      <div
        class="shimmerWrapper"
      >
        <div
          class="shimmer"
        />
      </div>
    </div>
    <div
      class="skeletonMovie"
    >
      <div
        class="shimmerWrapper"
      >
        <div
          class="shimmer"
        />
      </div>
    </div>
    <div
      class="skeletonMovie"
    >
      <div
        class="shimmerWrapper"
      >
        <div
          class="shimmer"
        />
      </div>
    </div>
    <div
      class="skeletonMovie"
    >
      <div
        class="shimmerWrapper"
      >
        <div
          class="shimmer"
        />
      </div>
    </div>
    <div
      class="skeletonMovie"
    >
      <div
        class="shimmerWrapper"
      >
        <div
          class="shimmer"
        />
      </div>
    </div>
    <div
      class="skeletonMovie"
    >
      <div
        class="shimmerWrapper"
      >
        <div
          class="shimmer"
        />
      </div>
    </div>
    <div
      class="skeletonMovie"
    >
      <div
        class="shimmerWrapper"
      >
        <div
          class="shimmer"
        />
      </div>
    </div>
    <div
      class="skeletonMovie"
    >
      <div
        class="shimmerWrapper"
      >
        <div
          class="shimmer"
        />
      </div>
    </div>
    <div
      class="skeletonMovie"
    >
      <div
        class="shimmerWrapper"
      >
        <div
          class="shimmer"
        />
      </div>
    </div>
    <div
      class="skeletonMovie"
    >
      <div
        class="shimmerWrapper"
      >
        <div
          class="shimmer"
        />
      </div>
    </div>
    <div
      class="skeletonMovie"
    >
      <div
        class="shimmerWrapper"
      >
        <div
          class="shimmer"
        />
      </div>
    </div>
    <div
      class="skeletonMovie"
    >
      <div
        class="shimmerWrapper"
      >
        <div
          class="shimmer"
        />
      </div>
    </div>
    <div
      class="skeletonMovie"
    >
      <div
        class="shimmerWrapper"
      >
        <div
          class="shimmer"
        />
      </div>
    </div>
    <div
      class="skeletonMovie"
    >
      <div
        class="shimmerWrapper"
      >
        <div
          class="shimmer"
        />
      </div>
    </div>
    <div
      class="skeletonMovie"
    >
      <div
        class="shimmerWrapper"
      >
        <div
          class="shimmer"
        />
      </div>
    </div>
    <div
      class="skeletonMovie"
    >
      <div
        class="shimmerWrapper"
      >
        <div
          class="shimmer"
        />
      </div>
    </div>
    <div
      class="skeletonMovie"
    >
      <div
        class="shimmerWrapper"
      >
        <div
          class="shimmer"
        />
      </div>
    </div>
    <div
      class="skeletonMovie"
    >
      <div
        class="shimmerWrapper"
      >
        <div
          class="shimmer"
        />
      </div>
    </div>
    <div
      class="skeletonMovie"
    >
      <div
        class="shimmerWrapper"
      >
        <div
          class="shimmer"
        />
      </div>
    </div>
    <div
      class="skeletonMovie"
    >
      <div
        class="shimmerWrapper"
      >
        <div
          class="shimmer"
        />
      </div>
    </div>
    <div
      class="skeletonMovie"
    >
      <div
        class="shimmerWrapper"
      >
        <div
          class="shimmer"
        />
      </div>
    </div>
    <div
      class="skeletonMovie"
    >
      <div
        class="shimmerWrapper"
      >
        <div
          class="shimmer"
        />
      </div>
    </div>
    <div
      class="skeletonMovie"
    >
      <div
        class="shimmerWrapper"
      >
        <div
          class="shimmer"
        />
      </div>
    </div>
    <div
      class="skeletonMovie"
    >
      <div
        class="shimmerWrapper"
      >
        <div
          class="shimmer"
        />
      </div>
    </div>
    <div
      class="skeletonMovie"
    >
      <div
        class="shimmerWrapper"
      >
        <div
          class="shimmer"
        />
      </div>
    </div>
    <div
      class="skeletonMovie"
    >
      <div
        class="shimmerWrapper"
      >
        <div
          class="shimmer"
        />
      </div>
    </div>
    <div
      class="skeletonMovie"
    >
      <div
        class="shimmerWrapper"
      >
        <div
          class="shimmer"
        />
      </div>
    </div>
    <div
      class="skeletonMovie"
    >
      <div
        class="shimmerWrapper"
      >
        <div
          class="shimmer"
        />
      </div>
    </div>
    <div
      class="skeletonMovie"
    >
      <div
        class="shimmerWrapper"
      >
        <div
          class="shimmer"
        />
      </div>
    </div>
    <div
      class="skeletonMovie"
    >
      <div
        class="shimmerWrapper"
      >
        <div
          class="shimmer"
        />
      </div>
    </div>
    <div
      class="skeletonMovie"
    >
      <div
        class="shimmerWrapper"
      >
        <div
          class="shimmer"
        />
      </div>
    </div>
    <div
      class="skeletonMovie"
    >
      <div
        class="shimmerWrapper"
      >
        <div
          class="shimmer"
        />
      </div>
    </div>
    <div
      class="skeletonMovie"
    >
      <div
        class="shimmerWrapper"
      >
        <div
          class="shimmer"
        />
      </div>
    </div>
    <div
      class="skeletonMovie"
    >
      <div
        class="shimmerWrapper"
      >
        <div
          class="shimmer"
        />
      </div>
    </div>
    <div
      class="skeletonMovie"
    >
      <div
        class="shimmerWrapper"
      >
        <div
          class="shimmer"
        />
      </div>
    </div>
    <div
      class="skeletonMovie"
    >
      <div
        class="shimmerWrapper"
      >
        <div
          class="shimmer"
        />
      </div>
    </div>
  </div>
</div>
`;
